// Jest Snapshot v1, https://goo.gl/fbAQLP

exports[`Intel should render the text of the header 1`] = `
<View
  style={
    Object {
      "backgroundColor": "#e8e8e8",
      "borderBottomColor": "black",
      "borderBottomWidth": 1,
      "flex": 1,
      "height": "100%",
      "justifyContent": "center",
      "padding": 10,
    }
  }
>
  <Text
    accessible={true}
    allowFontScaling={true}
    ellipsizeMode="tail"
    style={
      Object {
        "justifyContent": "center",
      }
    }
  >
    <Text
      accessible={true}
      allowFontScaling={true}
      ellipsizeMode="tail"
      style={
        Object {
          "flex": 1,
          "fontSize": 10,
          "fontWeight": "bold",
          "width": 25,
        }
      }
    >
      Test product
        
    </Text>
    <Text
      accessible={true}
      allowFontScaling={true}
      ellipsizeMode="tail"
      style={
        Object {
          "alignItems": "center",
          "flex": 1,
          "fontSize": 10,
          "fontWeight": "normal",
          "marginLeft": 10,
        }
      }
    />
  </Text>
  <View>
    <View
      accessibilityComponentType="button"
      accessibilityTraits={
        Array [
          "button",
        ]
      }
      accessible={true}
      isTVSelectable={true}
      onResponderGrant={[Function]}
      onResponderMove={[Function]}
      onResponderRelease={[Function]}
      onResponderTerminate={[Function]}
      onResponderTerminationRequest={[Function]}
      onStartShouldSetResponder={[Function]}
      style={
        Object {
          "opacity": 1,
        }
      }
    >
      <View
        style={
          Array [
            Object {},
          ]
        }
      >
        <Text
          accessible={true}
          allowFontScaling={true}
          ellipsizeMode="tail"
          style={
            Array [
              Object {
                "color": "#007AFF",
                "fontSize": 18,
                "padding": 8,
                "textAlign": "center",
              },
            ]
          }
        >
          Test title
        </Text>
      </View>
    </View>
  </View>
  <Text
    accessible={true}
    allowFontScaling={true}
    ellipsizeMode="tail"
  >
    <Text
      accessible={true}
      allowFontScaling={true}
      ellipsizeMode="tail"
      style={
        Object {
          "flex": 1,
          "fontSize": 10,
          "fontWeight": "bold",
          "width": 25,
        }
      }
    >
      London
        
    </Text>
    <Text
      accessible={true}
      allowFontScaling={true}
      ellipsizeMode="tail"
      style={
        Object {
          "alignItems": "center",
          "flex": 1,
          "fontSize": 10,
          "fontWeight": "normal",
          "marginLeft": 10,
        }
      }
    >
      Test tag
    </Text>
  </Text>
</View>
`;
